../Core/Src/app.c:26:6:init_device	8	static
../Core/Src/app.c:54:7:calibrate_current_zero	24	static
../Core/Src/app.c:85:6:calibrate_current_zero_dma	24	static
../Core/Src/app.c:111:6:HAL_ADC_ConvCpltCallback	32	static
../Core/Src/app.c:129:7:read_current_dma	4	static
../Core/Src/app.c:136:6:analog_init	8	static
../Core/Src/app.c:148:7:read_current_polling	24	static
../Core/Src/app.c:188:5:start_adc_dma_acquisition	8	static
../Core/Src/app.c:207:9:shell_uart2_transmit	16	static
../Core/Src/app.c:213:9:shell_uart2_receive	16	static
../Core/Src/app.c:219:6:HAL_UART_RxCpltCallback	16	static
../Core/Src/app.c:231:6:loop	16	static
