../Core/Src/app.c:26:6:init_device	8	static
../Core/Src/app.c:54:7:calibrate_current_zero	24	static
../Core/Src/app.c:82:6:HAL_ADC_ConvCpltCallback	24	static
../Core/Src/app.c:95:7:read_current_dma	4	static
../Core/Src/app.c:102:6:analog_init	8	static
../Core/Src/app.c:113:7:read_current_polling	24	static
../Core/Src/app.c:153:5:start_adc_dma_acquisition	8	static
../Core/Src/app.c:177:9:shell_uart2_transmit	16	static
../Core/Src/app.c:183:9:shell_uart2_receive	16	static
../Core/Src/app.c:189:6:HAL_UART_RxCpltCallback	16	static
../Core/Src/app.c:201:6:loop	8	static
